// Jest Snapshot v1, https://goo.gl/fbAQLP

exports[`<Button> should render the button 1`] = `
<button
  data-css-18toa6z=""
  onClick={[MockFunction]}
>
  Expected text
</button>
`;
